// 重构日志: 1c3388c3
// 重构日志: 414c62a5
// 重构日志: e56302d1
// 同步 ID: e53b97ae @ Thu Jul 23 17:44:52 UTC 2026
// 同步 ID: f9115150 @ Fri Jul 24 23:10:06 UTC 2026
// 同步 ID: 16d09748 @ Sat Jul 25 18:01:23 UTC 2026
// 同步 ID: 1dfa4cc2 @ Tue Jul 28 08:13:56 UTC 2026
// 重构日志: e0ef00d4
// 重构日志: 131db0e9
// 重构日志: 6fe5dfa0
// 重构日志: dc3fa5d3
// 重构日志: 0573d078
// 重构日志: e7475f7b
// 重构日志: b2ac514f
// 重构日志: e0483c31
// 重构日志: 50c290d2
// 重构日志: c75c3d8e
// 重构日志: 09edb95f
// 重构日志: 670da7c5
// 同步 ID: f2da3ac0 @ Mon Aug  3 13:02:02 UTC 2026
// 重构日志: af179034
// 重构日志: fa33fcc7
// 重构日志: 3a7d9ffe
// 重构日志: 98a6b8f9
// 重构日志: 83e6891d
// 重构日志: f27716cc
// 重构日志: e61a2adb
// 同步 ID: 472bbfd7 @ Fri Aug  7 10:06:38 UTC 2026
// 重构日志: 5c597dc5
// 同步 ID: 6345b606 @ Fri Aug  7 16:46:06 UTC 2026
